// Jest Snapshot v1, https://goo.gl/fbAQLP

exports[`UserProfile matches snapshot 1`] = `
<div>
  <div
    class="pf-v6-c-card"
    data-ouia-component-id="OUIA-Generated-Card-3"
    data-ouia-component-type="PF6/Card"
    data-ouia-safe="true"
    id=""
  >
    <div
      class="pf-v6-c-card__body"
    >
      <div
        class="pf-v6-c-content"
        data-ouia-component-id="OUIA-Generated-Content-9"
        data-ouia-component-type="PF6/Content"
        data-ouia-safe="true"
        data-pf-content="true"
      >
        <h2
          class="pf-v6-c-content--h2"
          data-ouia-component-id="OUIA-Generated-Content-10"
          data-ouia-component-type="PF6/Content"
          data-ouia-safe="true"
          data-pf-content="true"
        >
          Snapshot Test
        </h2>
        <p
          class="pf-v6-c-content--p"
          data-ouia-component-id="OUIA-Generated-Content-11"
          data-ouia-component-type="PF6/Content"
          data-ouia-safe="true"
          data-pf-content="true"
        >
          QA Engineer
        </p>
        <small
          class="pf-v6-c-content--small"
          data-ouia-component-id="OUIA-Generated-Content-12"
          data-ouia-component-type="PF6/Content"
          data-ouia-safe="true"
          data-pf-content="true"
        >
          qa@example.com
        </small>
      </div>
    </div>
  </div>
</div>
`;
